{
  "exclude": {
    "files": "go.sum|^.secrets.baseline$",
    "lines": null
  },
  "generated_at": "2026-05-01T15:01:01Z",
  "plugins_used": [
    {
      "name": "AWSKeyDetector"
    },
    {
      "name": "ArtifactoryDetector"
    },
    {
      "name": "AzureStorageKeyDetector"
    },
    {
      "base64_limit": 4.5,
      "name": "Base64HighEntropyString"
    },
    {
      "name": "BasicAuthDetector"
    },
    {
      "name": "BoxDetector"
    },
    {
      "name": "CloudantDetector"
    },
    {
      "ghe_instance": "github.ibm.com",
      "name": "GheDetector"
    },
    {
      "name": "GitHubTokenDetector"
    },
    {
      "hex_limit": 3,
      "name": "HexHighEntropyString"
    },
    {
      "name": "IbmCloudIamDetector"
    },
    {
      "name": "IbmCosHmacDetector"
    },
    {
      "name": "JwtTokenDetector"
    },
    {
      "keyword_exclude": null,
      "name": "KeywordDetector"
    },
    {
      "name": "MailchimpDetector"
    },
    {
      "name": "NpmDetector"
    },
    {
      "name": "PrivateKeyDetector"
    },
    {
      "name": "SlackDetector"
    },
    {
      "name": "SoftlayerDetector"
    },
    {
      "name": "SquareOAuthDetector"
    },
    {
      "name": "StripeDetector"
    },
    {
      "name": "TwilioKeyDetector"
    }
  ],
  "results": {
    "USAGE-DETAILS.md": [
      {
        "hashed_secret": "bd3c220afdec7cb7fbbd695079ccf11c500c9d2e",
        "is_secret": false,
        "is_verified": false,
        "line_number": 28,
        "type": "Secret Keyword",
        "verified_result": null
      }
    ],
    "controllers/array_action/array_mediator_ds8k.py": [
      {
        "hashed_secret": "a3e60a8c545cedc17a8f97fba88afd36f94a69f2",
        "is_secret": false,
        "is_verified": false,
        "line_number": 26,
        "type": "Secret Keyword",
        "verified_result": null
      },
      {
        "hashed_secret": "bd08405eeb6259cddcc60a987cf849af3aa345b9",
        "is_secret": false,
        "is_verified": false,
        "line_number": 27,
        "type": "Secret Keyword",
        "verified_result": null
      }
    ],
    "controllers/tests/array_action/test_storage_agent.py": [
      {
        "hashed_secret": "9fb7fe1217aed442b04c0f5e43b5d5a7d3287097",
        "is_secret": false,
        "is_verified": false,
        "line_number": 92,
        "type": "Secret Keyword",
        "verified_result": null
      },
      {
        "hashed_secret": "379fc0d5299a71ac0f171fbb5afb262829b4e765",
        "is_secret": false,
        "is_verified": false,
        "line_number": 105,
        "type": "Secret Keyword",
        "verified_result": null
      },
      {
        "hashed_secret": "b1fa6f10731cf1ed4ca572143842214ca57c6d16",
        "is_secret": false,
        "is_verified": false,
        "line_number": 107,
        "type": "Secret Keyword",
        "verified_result": null
      }
    ],
    "controllers/tests/controller_server/csi_controller_server_test.py": [
      {
        "hashed_secret": "007565e8e7ec34a12ca84f967e4f964a56f4129b",
        "is_secret": false,
        "is_verified": false,
        "line_number": 1151,
        "type": "Hex High Entropy String",
        "verified_result": null
      }
    ],
    "deploy/kubernetes/examples/demo-secret-config.json": [
      {
        "hashed_secret": "ede2e26e9c50418865e790165a460becc3bd2f2b",
        "is_secret": false,
        "is_verified": false,
        "line_number": 12,
        "type": "Secret Keyword",
        "verified_result": null
      },
      {
        "hashed_secret": "c3f51d63c4be76dd3b7af47e75b12f94c2b5a513",
        "is_secret": false,
        "is_verified": false,
        "line_number": 23,
        "type": "Secret Keyword",
        "verified_result": null
      }
    ],
    "deploy/kubernetes/examples/demo-secret.yaml": [
      {
        "hashed_secret": "36768a62684c87ad60d9ac18403b734140afef82",
        "is_secret": false,
        "is_verified": false,
        "line_number": 11,
        "type": "Secret Keyword",
        "verified_result": null
      }
    ],
    "docs/content/configuration/creating_secret.md": [
      {
        "hashed_secret": "7cf7ed86e8f660ade5996a1072d74cd35def47af",
        "is_secret": false,
        "is_verified": false,
        "line_number": 52,
        "type": "Secret Keyword",
        "verified_result": null
      },
      {
        "hashed_secret": "36768a62684c87ad60d9ac18403b734140afef82",
        "is_secret": false,
        "is_verified": false,
        "line_number": 90,
        "type": "Secret Keyword",
        "verified_result": null
      },
      {
        "hashed_secret": "3ce8d030d416d4d7d8c96b6ee19c8da70c15ee4e",
        "is_secret": false,
        "is_verified": false,
        "line_number": 101,
        "type": "Secret Keyword",
        "verified_result": null
      }
    ],
    "docs/content/configuration/creating_secret_topology_aware.md": [
      {
        "hashed_secret": "ede2e26e9c50418865e790165a460becc3bd2f2b",
        "is_secret": false,
        "is_verified": false,
        "line_number": 23,
        "type": "Secret Keyword",
        "verified_result": null
      },
      {
        "hashed_secret": "c3f51d63c4be76dd3b7af47e75b12f94c2b5a513",
        "is_secret": false,
        "is_verified": false,
        "line_number": 34,
        "type": "Secret Keyword",
        "verified_result": null
      }
    ]
  },
  "version": "0.13.1+ibm.62.dss",
  "word_list": {
    "file": null,
    "hash": null
  }
}
